src/app/(dashboard)/reports/page.tsx(165,37): error TS2322: Type '(value: number) => [string, "Pengeluaran"]' is not assignable to type 'Formatter<number, "Pengeluaran">'.
  Types of parameters 'value' and 'value' are incompatible.
    Type 'number | undefined' is not assignable to type 'number'.
      Type 'undefined' is not assignable to type 'number'.
src/app/(dashboard)/reports/page.tsx(188,37): error TS2322: Type 'CategoryBreakdown[]' is not assignable to type 'ChartDataInput[]'.
  Type 'CategoryBreakdown' is not assignable to type 'ChartDataInput'.
    Index signature for type 'string' is missing in type 'CategoryBreakdown'.
src/app/(dashboard)/reports/page.tsx(195,47): error TS2339: Property 'category' does not exist on type 'PieLabelRenderProps'.
src/app/(dashboard)/reports/page.tsx(196,68): error TS18048: 'percent' is possibly 'undefined'.
src/app/(dashboard)/reports/page.tsx(219,37): error TS2322: Type '(value: number) => string' is not assignable to type 'Formatter<number, NameType>'.
  Types of parameters 'value' and 'value' are incompatible.
    Type 'number | undefined' is not assignable to type 'number'.
      Type 'undefined' is not assignable to type 'number'.
